// Jest Snapshot v1, https://goo.gl/fbAQLP

exports[`renders without crashing 1`] = `
<div>
  <div
    class="App"
  >
    <header>
      <nav>
        <a
          href="/"
        >
          Harry The Potter
        </a>
        <button>
          <img
            alt="Cart Icon"
            src="cart-shopping.svg"
          />
        </button>
      </nav>
    </header>
    <h1>
      Harry The Potter Collection
    </h1>
    <div
      class="book-list-container"
    >
      <div
        class="book-container"
      >
        <img
          alt="Harry The Potter and Harriet"
          src="book1.png"
        />
        <h3>
          Harry The Potter and Harr...
        </h3>
        <p>
          <span>
            Price:
          </span>
          <span>
            €
            8.00
          </span>
        </p>
        <button>
          add to cart
        </button>
      </div>
      <div
        class="book-container"
      >
        <img
          alt="Harry The Potter Hunger Games"
          src="book2.png"
        />
        <h3>
          Harry The Potter Hunger G...
        </h3>
        <p>
          <span>
            Price:
          </span>
          <span>
            €
            8.00
          </span>
        </p>
        <button>
          add to cart
        </button>
      </div>
      <div
        class="book-container"
      >
        <img
          alt="Harry The Potter and Blue Dragon"
          src="book3.png"
        />
        <h3>
          Harry The Potter and Blue...
        </h3>
        <p>
          <span>
            Price:
          </span>
          <span>
            €
            8.00
          </span>
        </p>
        <button>
          add to cart
        </button>
      </div>
      <div
        class="book-container"
      >
        <img
          alt="Harry The Potter and Black Sea"
          src="book4.png"
        />
        <h3>
          Harry The Potter and Blac...
        </h3>
        <p>
          <span>
            Price:
          </span>
          <span>
            €
            8.00
          </span>
        </p>
        <button>
          add to cart
        </button>
      </div>
      <div
        class="book-container"
      >
        <img
          alt="Harry The Potter and Talking Owl"
          src="book5.png"
        />
        <h3>
          Harry The Potter and Talk...
        </h3>
        <p>
          <span>
            Price:
          </span>
          <span>
            €
            8.00
          </span>
        </p>
        <button>
          add to cart
        </button>
      </div>
    </div>
    <div
      class="footer-container"
    >
      <p>
        © Harry The Potter
      </p>
    </div>
  </div>
</div>
`;
